###############################################################################
#
# IAR ELF Linker V7.40.5.9725/W32 for ARM                 19/Nov/2015  12:33:22
# Copyright 2007-2015 IAR Systems AB.
#
#    Output file  =  
#        C:\Users\Niklas\Documents\GitHub\Accelerometer_Demo\Flash
#        Debug\Exe\Acc_demo.out
#    Map file     =  
#        C:\Users\Niklas\Documents\GitHub\Accelerometer_Demo\Flash
#        Debug\List\Acc_demo.map
#    Command line =  
#        "C:\Users\Niklas\Documents\GitHub\Accelerometer_Demo\Flash
#        Debug\Obj\accl_drv.o"
#        "C:\Users\Niklas\Documents\GitHub\Accelerometer_Demo\Flash
#        Debug\Obj\carcontrol.o"
#        "C:\Users\Niklas\Documents\GitHub\Accelerometer_Demo\Flash
#        Debug\Obj\drv_glcd.o"
#        "C:\Users\Niklas\Documents\GitHub\Accelerometer_Demo\Flash
#        Debug\Obj\feedback.o"
#        "C:\Users\Niklas\Documents\GitHub\Accelerometer_Demo\Flash
#        Debug\Obj\glcd_ll.o"
#        "C:\Users\Niklas\Documents\GitHub\Accelerometer_Demo\Flash
#        Debug\Obj\i2c1_drv.o"
#        "C:\Users\Niklas\Documents\GitHub\Accelerometer_Demo\Flash
#        Debug\Obj\iar_logo.o"
#        "C:\Users\Niklas\Documents\GitHub\Accelerometer_Demo\Flash
#        Debug\Obj\machinelearning.o"
#        "C:\Users\Niklas\Documents\GitHub\Accelerometer_Demo\Flash
#        Debug\Obj\main.o"
#        "C:\Users\Niklas\Documents\GitHub\Accelerometer_Demo\Flash
#        Debug\Obj\misc.o"
#        "C:\Users\Niklas\Documents\GitHub\Accelerometer_Demo\Flash
#        Debug\Obj\startup_stm32f10x_cl.o"
#        "C:\Users\Niklas\Documents\GitHub\Accelerometer_Demo\Flash
#        Debug\Obj\step_motor_drv.o"
#        "C:\Users\Niklas\Documents\GitHub\Accelerometer_Demo\Flash
#        Debug\Obj\stm32f10x_adc.o"
#        "C:\Users\Niklas\Documents\GitHub\Accelerometer_Demo\Flash
#        Debug\Obj\stm32f10x_bkp.o"
#        "C:\Users\Niklas\Documents\GitHub\Accelerometer_Demo\Flash
#        Debug\Obj\stm32f10x_can.o"
#        "C:\Users\Niklas\Documents\GitHub\Accelerometer_Demo\Flash
#        Debug\Obj\stm32f10x_crc.o"
#        "C:\Users\Niklas\Documents\GitHub\Accelerometer_Demo\Flash
#        Debug\Obj\stm32f10x_dac.o"
#        "C:\Users\Niklas\Documents\GitHub\Accelerometer_Demo\Flash
#        Debug\Obj\stm32f10x_dbgmcu.o"
#        "C:\Users\Niklas\Documents\GitHub\Accelerometer_Demo\Flash
#        Debug\Obj\stm32f10x_dma.o"
#        "C:\Users\Niklas\Documents\GitHub\Accelerometer_Demo\Flash
#        Debug\Obj\stm32f10x_exti.o"
#        "C:\Users\Niklas\Documents\GitHub\Accelerometer_Demo\Flash
#        Debug\Obj\stm32f10x_flash.o"
#        "C:\Users\Niklas\Documents\GitHub\Accelerometer_Demo\Flash
#        Debug\Obj\stm32f10x_fsmc.o"
#        "C:\Users\Niklas\Documents\GitHub\Accelerometer_Demo\Flash
#        Debug\Obj\stm32f10x_gpio.o"
#        "C:\Users\Niklas\Documents\GitHub\Accelerometer_Demo\Flash
#        Debug\Obj\stm32f10x_i2c.o"
#        "C:\Users\Niklas\Documents\GitHub\Accelerometer_Demo\Flash
#        Debug\Obj\stm32f10x_it.o"
#        "C:\Users\Niklas\Documents\GitHub\Accelerometer_Demo\Flash
#        Debug\Obj\stm32f10x_iwdg.o"
#        "C:\Users\Niklas\Documents\GitHub\Accelerometer_Demo\Flash
#        Debug\Obj\stm32f10x_pwr.o"
#        "C:\Users\Niklas\Documents\GitHub\Accelerometer_Demo\Flash
#        Debug\Obj\stm32f10x_rcc.o"
#        "C:\Users\Niklas\Documents\GitHub\Accelerometer_Demo\Flash
#        Debug\Obj\stm32f10x_rtc.o"
#        "C:\Users\Niklas\Documents\GitHub\Accelerometer_Demo\Flash
#        Debug\Obj\stm32f10x_sdio.o"
#        "C:\Users\Niklas\Documents\GitHub\Accelerometer_Demo\Flash
#        Debug\Obj\stm32f10x_spi.o"
#        "C:\Users\Niklas\Documents\GitHub\Accelerometer_Demo\Flash
#        Debug\Obj\stm32f10x_tim.o"
#        "C:\Users\Niklas\Documents\GitHub\Accelerometer_Demo\Flash
#        Debug\Obj\stm32f10x_usart.o"
#        "C:\Users\Niklas\Documents\GitHub\Accelerometer_Demo\Flash
#        Debug\Obj\stm32f10x_wwdg.o"
#        "C:\Users\Niklas\Documents\GitHub\Accelerometer_Demo\Flash
#        Debug\Obj\system_stm32f10x.o"
#        "C:\Users\Niklas\Documents\GitHub\Accelerometer_Demo\Flash
#        Debug\Obj\Terminal_18_24x12.o"
#        "C:\Users\Niklas\Documents\GitHub\Accelerometer_Demo\Flash
#        Debug\Obj\Terminal_6_8x6.o"
#        "C:\Users\Niklas\Documents\GitHub\Accelerometer_Demo\Flash
#        Debug\Obj\Terminal_9_12x6.o" --redirect _Printf=_PrintfFull --redirect
#        _Scanf=_ScanfFull -o
#        "C:\Users\Niklas\Documents\GitHub\Accelerometer_Demo\Flash
#        Debug\Exe\Acc_demo.out" --map
#        "C:\Users\Niklas\Documents\GitHub\Accelerometer_Demo\Flash
#        Debug\List\Acc_demo.map" --config
#        C:\Users\Niklas\Documents\GitHub\Accelerometer_Demo\config\STM32F10x_FLASH.icf
#        --semihosting --entry __iar_program_start --redirect
#        __iar_sh_stdout=__iar_sh_stdout_swo "C:\Program Files (x86)\IAR
#        Systems\Embedded Workbench 7.2\arm\CMSIS\Lib\IAR\iar_cortexM3l_math.a"
#        --vfe
#
###############################################################################

*******************************************************************************
*** RUNTIME MODEL ATTRIBUTES
***

CppFlavor       = *
__SystemLibrary = DLib


*******************************************************************************
*** PLACEMENT SUMMARY
***

"A1":  place at 0x08000000 { ro section .intvec };
"P2":  place in [from 0x08000000 to 0x0803ffff] { ro };
"P3":  place in [from 0x20000000 to 0x2000ffff] { rw, block CSTACK, block HEAP };

  Section            Kind        Address    Size  Object
  -------            ----        -------    ----  ------
"A1":                                      0x150
  .intvec            ro code  0x08000000   0x150  startup_stm32f10x_cl.o [1]
                            - 0x08000150   0x150

"P2":                                     0xdd08
  .rodata            const    0x08000150  0x8820  iar_logo.o [1]
  .text              ro code  0x08008970   0xdae  xprintffull.o [3]
  .text              ro code  0x0800971e     0xa  xsprout.o [3]
  .text              ro code  0x08009728    0x16  strchr.o [5]
  .text              ro code  0x08009740    0x36  strlen.o [5]
  .text              ro code  0x08009778    0x58  memchr.o [5]
  .text              ro code  0x080097d0    0xee  I64DivMod.o [5]
  .text              ro code  0x080098c0    0x76  ABImemcpy_unaligned.o [5]
  .text              ro code  0x08009936    0x42  xdnorm.o [4]
  .text              ro code  0x08009978    0x2e  DblCmpLe.o [4]
  .text              ro code  0x080099a8    0x2e  DblCmpGe.o [4]
  .text              ro code  0x080099d8   0x10c  xdscale.o [4]
  .text              ro code  0x08009ae4    0x58  DblToI32.o [4]
  .text              ro code  0x08009b3c    0x30  I32ToDbl.o [4]
  .text              ro code  0x08009b6c   0x180  DblSub.o [4]
  .text              ro code  0x08009cec   0x1a2  DblMul.o [4]
  .text              ro code  0x08009e90   0x256  DblDiv.o [4]
  .text              ro code  0x0800a0e6     0xe  div.o [3]
  .text              ro code  0x0800a0f4     0x2  I64DivZer.o [5]
  .text              ro code  0x0800a0f8    0xd4  DblAdd.o [4]
  .rodata            const    0x0800a1cc   0xc00  Terminal_9_12x6.o [1]
  .text              ro code  0x0800adcc   0xafe  drv_glcd.o [1]
  .text              ro code  0x0800b8cc   0x27c  glcd_ll.o [1]
  .text              ro code  0x0800bb48   0x1c0  main.o [1]
  .text              ro code  0x0800bd08    0x24  ABIassert.o [6]
  .text              ro code  0x0800bd2c    0x2c  vsprintf.o [3]
  .text              ro code  0x0800bd58   0x17c  stm32f10x_gpio.o [1]
  .text              ro code  0x0800bed4   0x1b0  stm32f10x_rcc.o [1]
  .text              ro code  0x0800c084   0x2cc  stm32f10x_tim.o [1]
  .text              ro code  0x0800c350    0x1c  step_motor_drv.o [1]
  .text              ro code  0x0800c36c   0x1a4  system_stm32f10x.o [1]
  .text              ro code  0x0800c510    0xb4  misc.o [1]
  .text              ro code  0x0800c5c4   0x244  step_motor_drv.o [1]
  .text              ro code  0x0800c808   0x268  i2c1_drv.o [1]
  .text              ro code  0x0800ca70    0x1c  step_motor_drv.o [1]
  .text              ro code  0x0800ca8c   0x13c  accl_drv.o [1]
  .text              ro code  0x0800cbc8   0x12e  carcontrol.o [1]
  .text              ro code  0x0800ccf8   0x204  feedback.o [1]
  .text              ro code  0x0800cefc     0x6  abort.o [3]
  .text              ro code  0x0800cf04   0x1b4  stm32f10x_i2c.o [1]
  .text              ro code  0x0800d0b8    0x16  i2c1_drv.o [1]
  .text              ro code  0x0800d0d0    0x14  exit.o [6]
  .rodata            const    0x0800d0e4   0x360  drv_glcd.o [1]
  .rodata            const    0x0800d444   0x360  drv_glcd.o [1]
  .rodata            const    0x0800d7a4   0x360  drv_glcd.o [1]
  .rodata            const    0x0800db04    0x48  drv_glcd.o [1]
  .text              ro code  0x0800db4c    0x40  zero_init3.o [5]
  .text              ro code  0x0800db8c    0x2c  copy_init3.o [5]
  .text              ro code  0x0800dbb8    0x28  stm32f10x_it.o [1]
  .text              ro code  0x0800dbe0    0x28  data_init.o [5]
  .iar.init_table    const    0x0800dc08    0x24  - Linker created -
  .rodata            const    0x0800dc2c    0x20  drv_glcd.o [1]
  .rodata            const    0x0800dc4c    0x1c  drv_glcd.o [1]
  .rodata            const    0x0800dc68    0x1c  main.o [1]
  .text              ro code  0x0800dc84    0x1a  cmain.o [5]
  .text              ro code  0x0800dc9e     0x4  low_level_init.o [3]
  .text              ro code  0x0800dca2     0x4  exit.o [3]
  .text              ro code  0x0800dca8     0xa  cexit.o [5]
  .rodata            const    0x0800dcb4    0x14  drv_glcd.o [1]
  .rodata            const    0x0800dcc8    0x14  Terminal_9_12x6.o [1]
  .rodata            const    0x0800dcdc    0x10  drv_glcd.o [1]
  .text              ro code  0x0800dcec    0x10  startup_stm32f10x_cl.o [1]
  .rodata            const    0x0800dcfc     0xc  main.o [1]
  .text              ro code  0x0800dd08     0xc  cstartup_M.o [5]
  .rodata            const    0x0800dd14     0x4  drv_glcd.o [1]
  .text              ro code  0x0800dd18     0x4  startup_stm32f10x_cl.o [1]
  .text              ro code  0x0800dd1c     0x4  startup_stm32f10x_cl.o [1]
  .text              ro code  0x0800dd20     0x4  startup_stm32f10x_cl.o [1]
  .text              ro code  0x0800dd24     0x4  startup_stm32f10x_cl.o [1]
  .text              ro code  0x0800dd28     0x4  startup_stm32f10x_cl.o [1]
  .text              ro code  0x0800dd2c     0x4  startup_stm32f10x_cl.o [1]
  .text              ro code  0x0800dd30     0x4  startup_stm32f10x_cl.o [1]
  .text              ro code  0x0800dd34     0x4  startup_stm32f10x_cl.o [1]
  .text              ro code  0x0800dd38     0x4  startup_stm32f10x_cl.o [1]
  .text              ro code  0x0800dd3c     0x4  startup_stm32f10x_cl.o [1]
  .text              ro code  0x0800dd40     0x4  startup_stm32f10x_cl.o [1]
  .text              ro code  0x0800dd44     0x4  startup_stm32f10x_cl.o [1]
  .text              ro code  0x0800dd48     0x4  startup_stm32f10x_cl.o [1]
  .text              ro code  0x0800dd4c     0x4  startup_stm32f10x_cl.o [1]
  .text              ro code  0x0800dd50     0x4  startup_stm32f10x_cl.o [1]
  .text              ro code  0x0800dd54     0x4  startup_stm32f10x_cl.o [1]
  .text              ro code  0x0800dd58     0x4  startup_stm32f10x_cl.o [1]
  .text              ro code  0x0800dd5c     0x4  startup_stm32f10x_cl.o [1]
  .text              ro code  0x0800dd60     0x4  startup_stm32f10x_cl.o [1]
  .text              ro code  0x0800dd64     0x4  startup_stm32f10x_cl.o [1]
  .text              ro code  0x0800dd68     0x4  startup_stm32f10x_cl.o [1]
  .text              ro code  0x0800dd6c     0x4  startup_stm32f10x_cl.o [1]
  .text              ro code  0x0800dd70     0x4  startup_stm32f10x_cl.o [1]
  .text              ro code  0x0800dd74     0x4  startup_stm32f10x_cl.o [1]
  .text              ro code  0x0800dd78     0x4  startup_stm32f10x_cl.o [1]
  .text              ro code  0x0800dd7c     0x4  startup_stm32f10x_cl.o [1]
  .text              ro code  0x0800dd80     0x4  startup_stm32f10x_cl.o [1]
  .text              ro code  0x0800dd84     0x4  startup_stm32f10x_cl.o [1]
  .text              ro code  0x0800dd88     0x4  startup_stm32f10x_cl.o [1]
  .text              ro code  0x0800dd8c     0x4  startup_stm32f10x_cl.o [1]
  .text              ro code  0x0800dd90     0x4  startup_stm32f10x_cl.o [1]
  .text              ro code  0x0800dd94     0x4  startup_stm32f10x_cl.o [1]
  .text              ro code  0x0800dd98     0x4  startup_stm32f10x_cl.o [1]
  .text              ro code  0x0800dd9c     0x4  startup_stm32f10x_cl.o [1]
  .text              ro code  0x0800dda0     0x4  startup_stm32f10x_cl.o [1]
  .text              ro code  0x0800dda4     0x4  startup_stm32f10x_cl.o [1]
  .text              ro code  0x0800dda8     0x4  startup_stm32f10x_cl.o [1]
  .text              ro code  0x0800ddac     0x4  startup_stm32f10x_cl.o [1]
  .text              ro code  0x0800ddb0     0x4  startup_stm32f10x_cl.o [1]
  .text              ro code  0x0800ddb4     0x4  startup_stm32f10x_cl.o [1]
  .text              ro code  0x0800ddb8     0x4  startup_stm32f10x_cl.o [1]
  .text              ro code  0x0800ddbc     0x4  startup_stm32f10x_cl.o [1]
  .text              ro code  0x0800ddc0     0x4  startup_stm32f10x_cl.o [1]
  .text              ro code  0x0800ddc4     0x4  startup_stm32f10x_cl.o [1]
  .text              ro code  0x0800ddc8     0x4  startup_stm32f10x_cl.o [1]
  .text              ro code  0x0800ddcc     0x4  startup_stm32f10x_cl.o [1]
  .text              ro code  0x0800ddd0     0x4  startup_stm32f10x_cl.o [1]
  .text              ro code  0x0800ddd4     0x4  startup_stm32f10x_cl.o [1]
  .text              ro code  0x0800ddd8     0x4  startup_stm32f10x_cl.o [1]
  .text              ro code  0x0800dddc     0x4  startup_stm32f10x_cl.o [1]
  .text              ro code  0x0800dde0     0x4  startup_stm32f10x_cl.o [1]
  .text              ro code  0x0800dde4     0x4  startup_stm32f10x_cl.o [1]
  .text              ro code  0x0800dde8     0x4  startup_stm32f10x_cl.o [1]
  .text              ro code  0x0800ddec     0x4  startup_stm32f10x_cl.o [1]
  .text              ro code  0x0800ddf0     0x4  startup_stm32f10x_cl.o [1]
  .text              ro code  0x0800ddf4     0x4  startup_stm32f10x_cl.o [1]
  .text              ro code  0x0800ddf8     0x4  startup_stm32f10x_cl.o [1]
  .text              ro code  0x0800ddfc     0x4  startup_stm32f10x_cl.o [1]
  .rodata            const    0x0800de00     0x0  zero_init3.o [5]
  .rodata            const    0x0800de00     0x0  copy_init3.o [5]
  Initializer bytes  const    0x0800de00    0x58  <for P3 s0>
                            - 0x0800de58  0xdd08

"P3":                                      0x4f8
  P3 s0                       0x20000000    0x58  <Init block>
    .data            inited   0x20000000    0x1c  iar_logo.o [1]
    .data            inited   0x2000001c    0x18  Terminal_9_12x6.o [1]
    .data            inited   0x20000034    0x10  stm32f10x_rcc.o [1]
    .data            inited   0x20000044     0x4  drv_glcd.o [1]
    .data            inited   0x20000048     0x4  drv_glcd.o [1]
    .data            inited   0x2000004c     0x4  drv_glcd.o [1]
    .data            inited   0x20000050     0x4  main.o [1]
    .data            inited   0x20000054     0x4  stm32f10x_rcc.o [1]
  .bss               zero     0x20000058     0x8  feedback.o [1]
  .bss               zero     0x20000060     0x8  feedback.o [1]
  .bss               zero     0x20000068     0x8  feedback.o [1]
  .bss               zero     0x20000070     0x8  feedback.o [1]
  .bss               zero     0x20000078     0x8  feedback.o [1]
  .bss               zero     0x20000080     0x8  feedback.o [1]
  .bss               zero     0x20000088     0x4  drv_glcd.o [1]
  .bss               zero     0x2000008c     0x4  drv_glcd.o [1]
  .bss               zero     0x20000090     0x4  drv_glcd.o [1]
  .bss               zero     0x20000094     0x4  drv_glcd.o [1]
  .bss               zero     0x20000098     0x4  drv_glcd.o [1]
  .bss               zero     0x2000009c     0x4  drv_glcd.o [1]
  .bss               zero     0x200000a0     0x4  drv_glcd.o [1]
  .bss               zero     0x200000a4     0x4  drv_glcd.o [1]
  .bss               zero     0x200000a8     0x4  drv_glcd.o [1]
  .bss               zero     0x200000ac     0x4  drv_glcd.o [1]
  .bss               zero     0x200000b0     0x4  drv_glcd.o [1]
  .bss               zero     0x200000b4     0x4  feedback.o [1]
  .bss               zero     0x200000b8     0x4  feedback.o [1]
  .bss               zero     0x200000bc     0x4  glcd_ll.o [1]
  .bss               zero     0x200000c0     0x4  i2c1_drv.o [1]
  .bss               zero     0x200000c4     0x4  i2c1_drv.o [1]
  .bss               zero     0x200000c8     0x4  i2c1_drv.o [1]
  .bss               zero     0x200000cc     0x4  i2c1_drv.o [1]
  .bss               zero     0x200000d0     0x4  i2c1_drv.o [1]
  .bss               zero     0x200000d4     0x4  main.o [1]
  .bss               zero     0x200000d8     0x4  main.o [1]
  .bss               zero     0x200000dc     0x4  main.o [1]
  .bss               zero     0x200000e0     0x4  main.o [1]
  .bss               zero     0x200000e4     0x4  step_motor_drv.o [1]
  .bss               zero     0x200000e8     0x2  feedback.o [1]
  .bss               zero     0x200000ea     0x2  feedback.o [1]
  .bss               zero     0x200000ec     0x2  feedback.o [1]
  .bss               zero     0x200000ee     0x1  drv_glcd.o [1]
  .bss               zero     0x200000ef     0x1  i2c1_drv.o [1]
  .bss               zero     0x200000f0     0x1  main.o [1]
  CSTACK                      0x200000f8   0x400  <Block>
    CSTACK           uninit   0x200000f8   0x400  <Block tail>
                            - 0x200004f8   0x4f8


*******************************************************************************
*** INIT TABLE
***

          Address     Size
          -------     ----
Zero (__iar_zero_init3)
    1 destination range, total size 0x99:
          0x20000058  0x99

Copy (__iar_copy_init3)
    1 source range, total size 0x58:
          0x0800de00  0x58
    1 destination range, total size 0x58:
          0x20000000  0x58



*******************************************************************************
*** MODULE SUMMARY
***

    Module                  ro code  ro data  rw data
    ------                  -------  -------  -------
C:\Users\Niklas\Documents\GitHub\Accelerometer_Demo\Flash Debug\Obj: [1]
    Terminal_9_12x6.o                  3 116       24
    accl_drv.o                  316
    carcontrol.o                302
    drv_glcd.o                2 814    2 776       57
    feedback.o                  516                62
    glcd_ll.o                   636                 4
    i2c1_drv.o                  638                21
    iar_logo.o                        34 876       28
    main.o                      448       44       21
    misc.o                      180
    startup_stm32f10x_cl.o      584
    step_motor_drv.o            636                 4
    stm32f10x_gpio.o            380
    stm32f10x_i2c.o             436
    stm32f10x_it.o               40
    stm32f10x_rcc.o             432       20       20
    stm32f10x_tim.o             716
    system_stm32f10x.o          420
    -------------------------------------------------
    Total:                    9 494   40 832      241

command line: [2]
    -------------------------------------------------
    Total:

dl7M_tln.a: [3]
    abort.o                       6
    div.o                        14
    exit.o                        4
    low_level_init.o              4
    vsprintf.o                   44
    xprintffull.o             3 502
    xsprout.o                    10
    -------------------------------------------------
    Total:                    3 584

m7M_tl.a: [4]
    DblAdd.o                    212
    DblCmpGe.o                   46
    DblCmpLe.o                   46
    DblDiv.o                    598
    DblMul.o                    418
    DblSub.o                    384
    DblToI32.o                   88
    I32ToDbl.o                   48
    xdnorm.o                     66
    xdscale.o                   268
    -------------------------------------------------
    Total:                    2 174

rt7M_tl.a: [5]
    ABImemcpy_unaligned.o       118
    I64DivMod.o                 238
    I64DivZer.o                   2
    cexit.o                      10
    cmain.o                      26
    copy_init3.o                 44
    cstartup_M.o                 12
    data_init.o                  40
    memchr.o                     88
    strchr.o                     22
    strlen.o                     54
    zero_init3.o                 64
    -------------------------------------------------
    Total:                      718

shb_l.a: [6]
    ABIassert.o                  36
    exit.o                       20
    -------------------------------------------------
    Total:                       56

    Gaps                         24        2
    Linker created                        36    1 024
-----------------------------------------------------
    Grand Total:             16 050   40 870    1 265


*******************************************************************************
*** ENTRY LIST
***

Entry                      Address    Size  Type      Object
-----                      -------    ----  ----      ------
.iar.init_table$$Base   0x0800dc08           --   Gb  - Linker created -
.iar.init_table$$Limit  0x0800dc2c           --   Gb  - Linker created -
?main                   0x0800dc85          Code  Gb  cmain.o [5]
A                       0x200000f0     0x1  Data  Gb  main.o [1]
ADCPrescTable           0x20000054     0x4  Data  Lc  stm32f10x_rcc.o [1]
APBAHBPrescTable        0x20000034    0x10  Data  Lc  stm32f10x_rcc.o [1]
Accl_Get                0x0800cb55    0x70  Code  Gb  accl_drv.o [1]
Accl_Init               0x0800ca8d    0xc8  Code  Gb  accl_drv.o [1]
AtomicExchange          0x0800d0b9    0x16  Code  Gb  i2c1_drv.o [1]
Backwards               0x0800cc4d    0x14  Code  Gb  carcontrol.o [1]
BusFault_Handler        0x0800dbbf     0x2  Code  Gb  stm32f10x_it.o [1]
CSTACK$$Base            0x200000f8           --   Gb  - Linker created -
CSTACK$$Limit           0x200004f8           --   Gb  - Linker created -
Car_Init                0x0800cbc9    0x70  Code  Gb  carcontrol.o [1]
CntrSel                 0x200000d8     0x4  Data  Gb  main.o [1]
CriticalSecCntr         0x200000d4     0x4  Data  Gb  main.o [1]
DebugMon_Handler        0x0800dbc5     0x2  Code  Gb  stm32f10x_it.o [1]
DelayResolution100us    0x0800bbf3    0x22  Code  Gb  main.o [1]
EntrCritSection         0x0800c351    0x1c  Code  Gb  step_motor_drv.o [1]
ExtCritSection          0x0800ca71    0x1c  Code  Gb  step_motor_drv.o [1]
Forward                 0x0800cc39    0x14  Code  Gb  carcontrol.o [1]
GLCD_Backlight          0x0800b8e5     0x8  Code  Gb  glcd_ll.o [1]
GLCD_Cmd_Iss0_type0     0x0800d0e4   0x360  Data  Lc  drv_glcd.o [1]
GLCD_Cmd_Iss0_type1     0x0800d444   0x360  Data  Lc  drv_glcd.o [1]
GLCD_Cmd_Iss1           0x0800d7a4   0x360  Data  Lc  drv_glcd.o [1]
GLCD_LLInit             0x0800b8ed    0xe6  Code  Gb  glcd_ll.o [1]
GLCD_PowerUpInit        0x0800b13b   0x1e6  Code  Gb  drv_glcd.o [1]
GLCD_SPI_ChipSelect     0x0800b9d3    0x1a  Code  Gb  glcd_ll.o [1]
GLCD_SPI_Init           0x0800ba01    0x86  Code  Gb  glcd_ll.o [1]
GLCD_SPI_ReceiveBlock   0x0800baff    0x1a  Code  Gb  glcd_ll.o [1]
GLCD_SPI_SendBlock      0x0800bae1    0x1e  Code  Gb  glcd_ll.o [1]
GLCD_SPI_SetWordWidth   0x0800b9ed    0x14  Code  Gb  glcd_ll.o [1]
GLCD_SPI_TranserByte    0x0800ba87    0x5a  Code  Gb  glcd_ll.o [1]
GLCD_SendCmd            0x0800adcd   0x36e  Code  Gb  drv_glcd.o [1]
GLCD_SetFont            0x0800b321    0x14  Code  Gb  drv_glcd.o [1]
GLCD_SetReset           0x0800b8cd    0x18  Code  Gb  glcd_ll.o [1]
GLCD_SetWindow          0x0800b335    0x84  Code  Gb  drv_glcd.o [1]
GLCD_TextCalcWindow     0x0800b3c7    0xfc  Code  Lc  drv_glcd.o [1]
GLCD_TextSetPos         0x0800b3b9     0xe  Code  Gb  drv_glcd.o [1]
GLCD_print              0x0800b89d    0x2e  Code  Gb  drv_glcd.o [1]
GLCD_putchar            0x0800b4c3   0x370  Code  Gb  drv_glcd.o [1]
GPIO_Init               0x0800bd59    0xc0  Code  Gb  stm32f10x_gpio.o [1]
GPIO_PinRemapConfig     0x0800be4d    0x80  Code  Gb  stm32f10x_gpio.o [1]
GPIO_ReadInputDataBit   0x0800be19    0x16  Code  Gb  stm32f10x_gpio.o [1]
GPIO_ResetBits          0x0800be35     0x6  Code  Gb  stm32f10x_gpio.o [1]
GPIO_SetBits            0x0800be2f     0x6  Code  Gb  stm32f10x_gpio.o [1]
GPIO_WriteBit           0x0800be3b    0x12  Code  Gb  stm32f10x_gpio.o [1]
Glcd_Iss                0x200000ee     0x1  Data  Lc  drv_glcd.o [1]
GoCar                   0x0800ccb9    0x3e  Code  Gb  carcontrol.o [1]
HardFault_Handler       0x0800dbbb     0x2  Code  Gb  stm32f10x_it.o [1]
I2C1_Close              0x0800c9f3     0xc  Code  Gb  i2c1_drv.o [1]
I2C1_DataTransfer       0x0800c9ff    0x44  Code  Gb  i2c1_drv.o [1]
I2C1_ER_IRQHandler      0x0800dbd1     0x8  Code  Gb  stm32f10x_it.o [1]
I2C1_EV_IRQHandler      0x0800dbd9     0x8  Code  Gb  stm32f10x_it.o [1]
I2C1_ErrIntrHandler     0x0800c809    0x24  Code  Gb  i2c1_drv.o [1]
I2C1_EvnIntrHandler     0x0800c82d    0xdc  Code  Gb  i2c1_drv.o [1]
I2C1_Init               0x0800c909    0xd2  Code  Gb  i2c1_drv.o [1]
I2C1_Open               0x0800c9db    0x18  Code  Gb  i2c1_drv.o [1]
I2C_AcknowledgeConfig   0x0800d061    0x1c  Code  Gb  stm32f10x_i2c.o [1]
I2C_Cmd                 0x0800d00d    0x1c  Code  Gb  stm32f10x_i2c.o [1]
I2C_DeInit              0x0800cf05    0x34  Code  Gb  stm32f10x_i2c.o [1]
I2C_GenerateSTART       0x0800d029    0x1c  Code  Gb  stm32f10x_i2c.o [1]
I2C_GenerateSTOP        0x0800d045    0x1c  Code  Gb  stm32f10x_i2c.o [1]
I2C_GetLastEvent        0x0800d0a1    0x18  Code  Gb  stm32f10x_i2c.o [1]
I2C_ITConfig            0x0800d07d    0x18  Code  Gb  stm32f10x_i2c.o [1]
I2C_Init                0x0800cf39    0xc4  Code  Gb  stm32f10x_i2c.o [1]
I2C_ReceiveData         0x0800d09b     0x6  Code  Gb  stm32f10x_i2c.o [1]
I2C_SendData            0x0800d095     0x6  Code  Gb  stm32f10x_i2c.o [1]
IAR_Logo                0x20000000    0x1c  Data  Gb  iar_logo.o [1]
IAR_LogoStream          0x08000150  0x8820  Data  Gb  iar_logo.o [1]
Left                    0x0800cc89    0x14  Code  Gb  carcontrol.o [1]
LoadInt                 0x08008efd    0x6e  Code  Lc  xprintffull.o [3]
MemManage_Handler       0x0800dbbd     0x2  Code  Gb  stm32f10x_it.o [1]
NMI_Handler             0x0800dbb9     0x2  Code  Gb  stm32f10x_it.o [1]
NVIC_Init               0x0800c51b    0x5e  Code  Gb  misc.o [1]
NVIC_PriorityGroupConfig
                        0x0800c511     0xa  Code  Gb  misc.o [1]
NVIC_SetPriority        0x0800bb49    0x22  Code  Lc  main.o [1]
NVIC_SetVectorTable     0x0800c579     0xc  Code  Gb  misc.o [1]
OddPixel                0x20000088     0x4  Data  Lc  drv_glcd.o [1]
PendSV_Handler          0x0800dbc7     0x2  Code  Gb  stm32f10x_it.o [1]
PixelHold               0x2000008c     0x4  Data  Lc  drv_glcd.o [1]
RCC_APB1PeriphClockCmd  0x0800bff7    0x20  Code  Gb  stm32f10x_rcc.o [1]
RCC_APB1PeriphResetCmd  0x0800c037    0x20  Code  Gb  stm32f10x_rcc.o [1]
RCC_APB2PeriphClockCmd  0x0800bfd7    0x20  Code  Gb  stm32f10x_rcc.o [1]
RCC_APB2PeriphResetCmd  0x0800c017    0x20  Code  Gb  stm32f10x_rcc.o [1]
RCC_GetClocksFreq       0x0800bed5   0x102  Code  Gb  stm32f10x_rcc.o [1]
Region$$Table$$Base     0x0800dc08           --   Gb  - Linker created -
Region$$Table$$Limit    0x0800dc2c           --   Gb  - Linker created -
Right                   0x0800cc75    0x14  Code  Gb  carcontrol.o [1]
SVC_Handler             0x0800dbc3     0x2  Code  Gb  stm32f10x_it.o [1]
SetSysClock             0x0800c3d3     0x8  Code  Lc  system_stm32f10x.o [1]
SetSysClockTo72         0x0800c3db   0x110  Code  Lc  system_stm32f10x.o [1]
StepMotorInit           0x0800c5ff   0x1b6  Code  Gb  step_motor_drv.o [1]
StepMotorStop           0x0800c7b5    0x3c  Code  Gb  step_motor_drv.o [1]
Stop                    0x0800cc61    0x14  Code  Gb  carcontrol.o [1]
StopTurn                0x0800cc9d    0x14  Code  Gb  carcontrol.o [1]
SysTickFl               0x20000050     0x4  Data  Gb  main.o [1]
SysTick_CLKSourceConfig
                        0x0800c585    0x20  Code  Gb  misc.o [1]
SysTick_Config          0x0800bb6b    0x2e  Code  Lc  main.o [1]
SysTick_Handler         0x0800dbc9     0x8  Code  Gb  stm32f10x_it.o [1]
SystemInit              0x0800c36d    0x66  Code  Gb  system_stm32f10x.o [1]
TIM1_UP_IRQHandler      0x0800c5c5    0x3a  Code  Gb  step_motor_drv.o [1]
TIM_ARRPreloadConfig    0x0800c2ff    0x1c  Code  Gb  stm32f10x_tim.o [1]
TIM_ClearITPendingBit   0x0800c31b     0x8  Code  Gb  stm32f10x_tim.o [1]
TIM_Cmd                 0x0800c29d    0x1c  Code  Gb  stm32f10x_tim.o [1]
TIM_CtrlPWMOutputs      0x0800c2b9    0x22  Code  Gb  stm32f10x_tim.o [1]
TIM_ITConfig            0x0800c2db    0x18  Code  Gb  stm32f10x_tim.o [1]
TIM_InternalClockConfig
                        0x0800c2f3     0xc  Code  Gb  stm32f10x_tim.o [1]
TIM_OC1Init             0x0800c117    0x94  Code  Gb  stm32f10x_tim.o [1]
TIM_OC2Init             0x0800c1ab    0x8a  Code  Gb  stm32f10x_tim.o [1]
TIM_OC4Init             0x0800c235    0x68  Code  Gb  stm32f10x_tim.o [1]
TIM_TimeBaseInit        0x0800c085    0x92  Code  Gb  stm32f10x_tim.o [1]
TabSize                 0x2000004c     0x4  Data  Lc  drv_glcd.o [1]
Terminal_9_12_6         0x2000001c    0x18  Data  Gb  Terminal_9_12x6.o [1]
Test                    0x200000dc     0x4  Data  Gb  main.o [1]
TestTurn                0x200000e0     0x4  Data  Gb  main.o [1]
TextBackgndColour       0x20000098     0x4  Data  Lc  drv_glcd.o [1]
TextColour              0x20000094     0x4  Data  Lc  drv_glcd.o [1]
TextStream              0x0800a1cc   0xc00  Data  Lc  Terminal_9_12x6.o [1]
TextX_Pos               0x2000009c     0x4  Data  Lc  drv_glcd.o [1]
TextY_Pos               0x200000a0     0x4  Data  Lc  drv_glcd.o [1]
TickHandler             0x0800bb99    0x5a  Code  Gb  main.o [1]
UsageFault_Handler      0x0800dbc1     0x2  Code  Gb  stm32f10x_it.o [1]
Width                   0x200000bc     0x4  Data  Lc  glcd_ll.o [1]
X                       0x200000e8     0x2  Data  Gb  feedback.o [1]
XL_Win                  0x200000a4     0x4  Data  Lc  drv_glcd.o [1]
XR_Win                  0x20000044     0x4  Data  Lc  drv_glcd.o [1]
Y                       0x200000ea     0x2  Data  Gb  feedback.o [1]
YD_Win                  0x20000048     0x4  Data  Lc  drv_glcd.o [1]
YU_Win                  0x200000a8     0x4  Data  Lc  drv_glcd.o [1]
Z                       0x200000ec     0x2  Data  Gb  feedback.o [1]
_GenldFull              0x08009473   0x262  Code  Lc  xprintffull.o [3]
_LdtobFull              0x08009071   0x3fc  Code  Lc  xprintffull.o [3]
_LitobFull              0x08008f6b   0x106  Code  Lc  xprintffull.o [3]
_PrintfFull             0x08008971   0x586  Code  Gb  xprintffull.o [3]
_PutcharsFull           0x080096d5    0x2e  Code  Lc  xprintffull.o [3]
_SProut                 0x0800971f     0xa  Code  Gb  xsprout.o [3]
_Steps                  0x200000e4     0x4  Data  Lc  step_motor_drv.o [1]
__aeabi_assert          0x0800bd09    0x24  Code  Gb  ABIassert.o [6]
__aeabi_cdcmple         0x08009979          Code  Gb  DblCmpLe.o [4]
__aeabi_cdrcmple        0x080099a9          Code  Gb  DblCmpGe.o [4]
__aeabi_d2iz            0x08009ae5          Code  Gb  DblToI32.o [4]
__aeabi_d2uiz           0x08009b11          Code  Gb  DblToI32.o [4]
__aeabi_ddiv            0x08009e91          Code  Gb  DblDiv.o [4]
__aeabi_dmul            0x08009ced          Code  Gb  DblMul.o [4]
__aeabi_dsub            0x08009b6d          Code  Gb  DblSub.o [4]
__aeabi_i2d             0x08009b3d          Code  Gb  I32ToDbl.o [4]
__aeabi_ldiv0           0x0800a0f5          Code  Gb  I64DivZer.o [5]
__aeabi_ui2d            0x08009b51          Code  Gb  I32ToDbl.o [4]
__aeabi_uldivmod        0x080097d1          Code  Gb  I64DivMod.o [5]
__cmain                 0x0800dc85          Code  Gb  cmain.o [5]
__exit                  0x0800d0d1    0x14  Code  Gb  exit.o [6]
__iar_Dnorm             0x08009937    0x42  Code  Gb  xdnorm.o [4]
__iar_Dscale            0x080099d9   0x10c  Code  Gb  xdscale.o [4]
__iar_Memchr            0x08009779          Code  Gb  memchr.o [5]
__iar_Strchr            0x08009729          Code  Gb  strchr.o [5]
__iar_copy_init3        0x0800db8d    0x2c  Code  Gb  copy_init3.o [5]
__iar_d2uiz             0x08009b1d          Code  Gb  DblToI32.o [4]
__iar_dadd              0x0800a0f9          Code  Gb  DblAdd.o [4]
__iar_data_init3        0x0800dbe1    0x28  Code  Gb  data_init.o [5]
__iar_dsub              0x08009b81          Code  Gb  DblSub.o [4]
__iar_dsubStart         0x08009b93          Code  Gb  DblSub.o [4]
__iar_program_start     0x0800dd09          Code  Gb  cstartup_M.o [5]
__iar_ui2d              0x08009b55          Code  Gb  I32ToDbl.o [4]
__iar_unaligned___aeabi_memcpy
                        0x080098c1          Code  Gb  ABImemcpy_unaligned.o [5]
__iar_unaligned___aeabi_memcpy4
                        0x080098e1          Code  Gb  ABImemcpy_unaligned.o [5]
__iar_unaligned___aeabi_memcpy8
                        0x080098e1          Code  Gb  ABImemcpy_unaligned.o [5]
__iar_zero_init3        0x0800db4d    0x40  Code  Gb  zero_init3.o [5]
__low_level_init        0x0800dc9f     0x4  Code  Gb  low_level_init.o [3]
__vector_table          0x08000000          Data  Gb  startup_stm32f10x_cl.o [1]
_call_main              0x0800dc91          Code  Gb  cmain.o [5]
_exit                   0x0800dca9          Code  Gb  cexit.o [5]
_main                   0x0800dc9b          Code  Gb  cmain.o [5]
abort                   0x0800cefd     0x6  Code  Gb  abort.o [3]
accX                    0x20000068     0x8  Data  Gb  feedback.o [1]
accY                    0x20000070     0x8  Data  Gb  feedback.o [1]
countX                  0x200000b4     0x4  Data  Gb  feedback.o [1]
countY                  0x200000b8     0x4  Data  Gb  feedback.o [1]
div                     0x0800a0e7     0xe  Code  Gb  div.o [3]
exit                    0x0800dca3     0x4  Code  Gb  exit.o [3]
main                    0x0800bc15    0xb0  Code  Gb  main.o [1]
memchr                  0x08009779          Code  Gb  memchr.o [5]
move_end_check          0x0800ce6f    0x62  Code  Gb  feedback.o [1]
pCurrFont               0x20000090     0x4  Data  Lc  drv_glcd.o [1]
posX                    0x20000078     0x8  Data  Gb  feedback.o [1]
posY                    0x20000080     0x8  Data  Gb  feedback.o [1]
position                0x0800ccf9   0x176  Code  Gb  feedback.o [1]
s_Done                  0x200000c4     0x4  Data  Lc  i2c1_drv.o [1]
s_Error                 0x200000c8     0x4  Data  Lc  i2c1_drv.o [1]
s_I2C_NotUsed           0x200000c0     0x4  Data  Lc  i2c1_drv.o [1]
s_Size                  0x200000cc     0x4  Data  Lc  i2c1_drv.o [1]
s_SlaveAddr             0x200000ef     0x1  Data  Lc  i2c1_drv.o [1]
s_pData                 0x200000d0     0x4  Data  Lc  i2c1_drv.o [1]
strchr                  0x08009729          Code  Gb  strchr.o [5]
strlen                  0x08009741          Code  Gb  strlen.o [5]
velX                    0x20000058     0x8  Data  Gb  feedback.o [1]
velY                    0x20000060     0x8  Data  Gb  feedback.o [1]
vsprintf                0x0800bd2d    0x2c  Code  Gb  vsprintf.o [3]


[1] = C:\Users\Niklas\Documents\GitHub\Accelerometer_Demo\Flash Debug\Obj
[2] = command line
[3] = dl7M_tln.a
[4] = m7M_tl.a
[5] = rt7M_tl.a
[6] = shb_l.a

  16 050 bytes of readonly  code memory
  40 870 bytes of readonly  data memory
   1 265 bytes of readwrite data memory

Errors: none
Warnings: none
